// Jest Snapshot v1, https://goo.gl/fbAQLP

exports[`parse fixture1 1`] = `
Object {
  "script": Object {
    "attributes": Object {},
    "content": "",
    "contentEnd": 0,
    "contentStart": 0,
    "end": 0,
    "start": 0,
  },
  "scriptSetup": Object {
    "attributes": Object {
      "lang": "ts",
      "setup": "",
    },
    "content": "
import { ref, computed } from '@vue/composition-api'
import MyButton from './MyButton.vue'

const count = ref(0)
const doubled = computed(() => count.value * 2)

function inc() {
  count.value += 1
}

function dec() {
  count.value += 1
}

const decText = '<b>Dec</b>'
",
    "contentEnd": 481,
    "contentStart": 211,
    "end": 489,
    "start": 187,
  },
  "template": Object {
    "components": Set {
      "MyButton",
    },
    "identifiers": Set {
      "inc",
      "count",
      "doubled",
      "dec",
      "decText",
    },
  },
}
`;
